
> site-empreedimentos@0.0.0 build
> tsc -b && vite build

[36mvite v8.0.0 [32mbuilding client environment for production...[36m[39m
[2K
transforming...Ô£ô 1817 modules transformed.
rendering chunks...
computing gzip size...
dist/index.html                   0.46 kB Ôöé gzip:   0.30 kB
dist/assets/index-BeoMXIsX.css   47.56 kB Ôöé gzip:  12.61 kB
dist/assets/index-C5rylvje.js   580.13 kB Ôöé gzip: 164.97 kB

[32mÔ£ô built in 1.08s[39m
node.exe : [33m[plugin 
builtin:vite-reporter] 
No linha:1 caractere:1
+ & "C:\Program 
Files\nodejs/node.exe" 
"C:\Program 
Files\nodejs/node_mo ...
+ ~~~~~~~~~~~~~~~~~~~~~~~~~~~
~~~~~~~~~~~~~~~~~~~~~~~~~~~~~
~~~~~~~~~~~~~
    + CategoryInfo           
   : NotSpecifi    ed: 
([33m[plugin     
builtin:vite-repor    ter] 
:String) [],     
RemoteException
    + FullyQualifiedEr    
rorId : NativeComm    
andError
 
(!) Some chunks are larger 
than 500 kB after 
minification. Consider:
- Using dynamic import() to 
code-split the application
- Use build.rolldownOptions.o
utput.codeSplitting to 
improve chunking: https://rol
ldown.rs/reference/OutputOpti
ons.codeSplitting
- Adjust chunk size limit 
for this warning via build.ch
unkSizeWarningLimit.[39m
