src/components/admin/AdminDashboard.tsx(1,8): error TS6133: 'React' is declared but its value is never read.
src/components/admin/PropertyForm.tsx(1,38): error TS6133: 'useRef' is declared but its value is never read.
src/components/admin/PropertyForm.tsx(3,58): error TS6133: 'MapPin' is declared but its value is never read.
src/components/MainLayout.tsx(1,8): error TS6133: 'React' is declared but its value is never read.
src/components/PropertyList.tsx(1,1): error TS6133: 'React' is declared but its value is never read.
src/components/SimulationForm.tsx(2,87): error TS6133: 'Loader2' is declared but its value is never read.
src/components/SimulationForm.tsx(2,121): error TS6133: 'Users' is declared but its value is never read.
src/components/SimulationForm.tsx(2,155): error TS6133: 'FileText' is declared but its value is never read.
